Started GET "/products?page=1" for ::1 at 2025-08-25 21:40:59 +0530
  [1m[36mActiveRecord::SchemaMigration Load (0.8ms)[0m  [1m[34mSELECT "schema_migrations"."version" FROM "schema_migrations" ORDER BY "schema_migrations"."version" ASC /*application='ECommerce'*/[0m
  [1m[36mStore Load (0.3ms)[0m  [1m[34mSELECT "stores".* FROM "stores" WHERE "stores"."store_id" = 'store2' LIMIT 1 /*application='ECommerce'*/[0m
  ↳ lib/middleware/tenant_middleware.rb:20:in 'TenantMiddleware#call'
Processing by ProductsController#index as */*
  Parameters: {"page" => "1"}
  [1m[36mProduct Load (0.6ms)[0m  [1m[34mSELECT "products".* FROM "products" WHERE "products"."store_id" = 2 LIMIT 10 OFFSET 0 /*action='index',application='ECommerce',controller='products'*/[0m
  ↳ app/controllers/products_controller.rb:7:in 'ProductsController#index'
  [1m[36mProduct Load (0.3ms)[0m  [1m[34mSELECT "products"."id", "products"."name", "products"."product_code", "products"."price", "products"."stock" FROM "products" WHERE "products"."store_id" = 2 LIMIT 10 OFFSET 0 /*action='index',application='ECommerce',controller='products'*/[0m
  ↳ app/controllers/products_controller.rb:10:in 'ProductsController#index'
Completed 200 OK in 39ms (Views: 10.1ms | ActiveRecord: 3.2ms (2 queries, 0 cached) | GC: 0.1ms)


Started GET "/products?page=1" for ::1 at 2025-08-25 21:41:05 +0530
  [1m[36mStore Load (0.9ms)[0m  [1m[34mSELECT "stores".* FROM "stores" WHERE "stores"."store_id" = 'store1' LIMIT 1 /*application='ECommerce'*/[0m
  ↳ lib/middleware/tenant_middleware.rb:20:in 'TenantMiddleware#call'
Processing by ProductsController#index as */*
  Parameters: {"page" => "1"}
  [1m[36mProduct Load (1.0ms)[0m  [1m[34mSELECT "products".* FROM "products" WHERE "products"."store_id" = 1 LIMIT 10 OFFSET 0 /*action='index',application='ECommerce',controller='products'*/[0m
  ↳ app/controllers/products_controller.rb:7:in 'ProductsController#index'
  [1m[36mProduct Count (0.6ms)[0m  [1m[34mSELECT COUNT(*) FROM "products" WHERE "products"."store_id" = 1 /*action='index',application='ECommerce',controller='products'*/[0m
  ↳ app/controllers/products_controller.rb:12:in 'ProductsController#index'
  [1m[36mProduct Load (0.1ms)[0m  [1m[34mSELECT "products"."id", "products"."name", "products"."product_code", "products"."price", "products"."stock" FROM "products" WHERE "products"."store_id" = 1 LIMIT 10 OFFSET 0 /*action='index',application='ECommerce',controller='products'*/[0m
  ↳ app/controllers/products_controller.rb:10:in 'ProductsController#index'
Completed 200 OK in 26ms (Views: 8.6ms | ActiveRecord: 2.2ms (3 queries, 0 cached) | GC: 0.0ms)


